// Jest Snapshot v1, https://goo.gl/fbAQLP

exports[`components/Card renders correctly 1`] = `
<DocumentFragment>
  <div
    class="container undefined"
  >
    <span>
      I am a child!
    </span>
  </div>
</DocumentFragment>
`;
